PHPUnit 10.5.63 by Sebastian Bergmann and contributors.

Runtime:       PHP 8.5.1
Configuration: D:\freelance\login system\phpunit.xml

FF                                                                  2 / 2 (100%)

Time: 00:02.010, Memory: 46.00 MB

There were 2 failures:

1) Tests\Feature\Client\EmployeeAccountTest::test_client_can_create_employee_account
Expected response status code [201, 301, 302, 303, 307, 308] but received 419.
Failed asserting that false is true.

D:\freelance\login system\vendor\laravel\framework\src\Illuminate\Testing\TestResponseAssert.php:45
D:\freelance\login system\vendor\laravel\framework\src\Illuminate\Testing\TestResponse.php:185
D:\freelance\login system\tests\Feature\Client\EmployeeAccountTest.php:37

2) Tests\Feature\Client\EmployeeAccountTest::test_cannot_create_duplicate_account
Expected response status code [201, 301, 302, 303, 307, 308] but received 419.
Failed asserting that false is true.

D:\freelance\login system\vendor\laravel\framework\src\Illuminate\Testing\TestResponseAssert.php:45
D:\freelance\login system\vendor\laravel\framework\src\Illuminate\Testing\TestResponse.php:185
D:\freelance\login system\tests\Feature\Client\EmployeeAccountTest.php:59

FAILURES!
Tests: 2, Assertions: 2, Failures: 2.
