<?xml version="1.0" encoding="UTF-8"?>
<testsuites>
  <testsuite name="Tests\Feature\Auth\RoleMiddlewareTest" file="D:\freelance\login system\tests\Feature\Auth\RoleMiddlewareTest.php" tests="4" assertions="5" errors="0" failures="1" skipped="0" time="1.296406">
    <testcase name="test_admin_can_access_admin_dashboard" file="D:\freelance\login system\tests\Feature\Auth\RoleMiddlewareTest.php" line="13" class="Tests\Feature\Auth\RoleMiddlewareTest" classname="Tests.Feature.Auth.RoleMiddlewareTest" assertions="1" time="0.905326"/>
    <testcase name="test_client_cannot_access_admin_dashboard" file="D:\freelance\login system\tests\Feature\Auth\RoleMiddlewareTest.php" line="19" class="Tests\Feature\Auth\RoleMiddlewareTest" classname="Tests.Feature.Auth.RoleMiddlewareTest" assertions="1" time="0.022190"/>
    <testcase name="test_employee_cannot_access_client_dashboard" file="D:\freelance\login system\tests\Feature\Auth\RoleMiddlewareTest.php" line="25" class="Tests\Feature\Auth\RoleMiddlewareTest" classname="Tests.Feature.Auth.RoleMiddlewareTest" assertions="1" time="0.018880"/>
    <testcase name="test_super_admin_can_access_all_dashboards" file="D:\freelance\login system\tests\Feature\Auth\RoleMiddlewareTest.php" line="31" class="Tests\Feature\Auth\RoleMiddlewareTest" classname="Tests.Feature.Auth.RoleMiddlewareTest" assertions="2" time="0.350010">
      <failure type="PHPUnit\Framework\ExpectationFailedException">Tests\Feature\Auth\RoleMiddlewareTest::test_super_admin_can_access_all_dashboards&#13;
Expected response status code [200] but received 500.
Failed asserting that 500 is identical to 200.&#13;
&#13;
The following exception occurred during the last request:

ErrorException: Attempt to read property "company_name" on null in D:\freelance\login system\storage\framework\views\bd3b0ee0830656c55358f8a2b9830722.php:5
Stack trace:
#0 D:\freelance\login system\vendor\laravel\framework\src\Illuminate\Foundation\Bootstrap\HandleExceptions.php(258): Illuminate\Foundation\Bootstrap\HandleExceptions-&gt;handleError(2, 'Attempt to read...', 'D:\\freelance\\lo...', 5)
#1 D:\freelance\login system\storage\framework\views\bd3b0ee0830656c55358f8a2b9830722.php(5): Illuminate\Foundation\Bootstrap\HandleExceptions-&gt;{closure:Illuminate\Foundation\Bootstrap\HandleExceptions::forwardsTo():257}(2, 'Attempt to read...', 'D:\\freelance\\lo...', 5)
#2 D:\freelance\login system\vendor\laravel\framework\src\Illuminate\Filesystem\Filesystem.php(123): require('D:\\freelance\\lo...')
#3 D:\freelance\login system\vendor\laravel\framework\src\Illuminate\Filesystem\Filesystem.php(124): Illuminate\Filesystem\Filesystem::{closure:Illuminate\Filesystem\Filesystem::getRequire():120}()
#4 D:\freelance\login system\vendor\laravel\framework\src\Illuminate\View\Engines\PhpEngine.php(58): Illuminate\Filesystem\Filesystem-&gt;getRequire('D:\\freelance\\lo...', Array)
#5 D:\freelance\login system\vendor\laravel\framework\src\Illuminate\View\Engines\CompilerEngine.php(75): Illuminate\View\Engines\PhpEngine-&gt;evaluatePath('D:\\freelance\\lo...', Array)
#6 D:\freelance\login system\vendor\laravel\framework\src\Illuminate\View\View.php(209): Illuminate\View\Engines\CompilerEngine-&gt;get('D:\\freelance\\lo...', Array)
#7 D:\freelance\login system\vendor\laravel\framework\src\Illuminate\View\View.php(192): Illuminate\View\View-&gt;getContents()
#8 D:\freelance\login system\vendor\laravel\framework\src\Illuminate\View\View.php(161): Illuminate\View\View-&gt;renderContents()
#9 D:\freelance\login system\vendor\laravel\framework\src\Illuminate\Http\Response.php(79): Illuminate\View\View-&gt;render()
#10 D:\freelance\login system\vendor\laravel\framework\src\Illuminate\Http\Response.php(35): Illuminate\Http\Response-&gt;setContent(Object(Illuminate\View\View))
#11 D:\freelance\login system\vendor\laravel\framework\src\Illuminate\Routing\Router.php(920): Illuminate\Http\Response-&gt;__construct(Object(Illuminate\View\View), 200, Array)
#12 D:\freelance\login system\vendor\laravel\framework\src\Illuminate\Routing\Router.php(887): Illuminate\Routing\Router::toResponse(Object(Illuminate\Http\Request), Object(Illuminate\View\View))
#13 D:\freelance\login system\vendor\laravel\framework\src\Illuminate\Routing\Router.php(807): Illuminate\Routing\Router-&gt;prepareResponse(Object(Illuminate\Http\Request), Object(Illuminate\View\View))
#14 D:\freelance\login system\vendor\laravel\framework\src\Illuminate\Pipeline\Pipeline.php(170): Illuminate\Routing\Router-&gt;{closure:Illuminate\Routing\Router::runRouteWithinStack():807}(Object(Illuminate\Http\Request))
#15 D:\freelance\login system\app\Http\Middleware\CheckSubscription.php(27): Illuminate\Pipeline\Pipeline-&gt;{closure:Illuminate\Pipeline\Pipeline::prepareDestination():168}(Object(Illuminate\Http\Request))
#16 D:\freelance\login system\vendor\laravel\framework\src\Illuminate\Pipeline\Pipeline.php(209): App\Http\Middleware\CheckSubscription-&gt;handle(Object(Illuminate\Http\Request), Object(Closure))
#17 D:\freelance\login system\app\Http\Middleware\RoleMiddleware.php(28): Illuminate\Pipeline\Pipeline-&gt;{closure:{closure:Illuminate\Pipeline\Pipeline::carry():184}:185}(Object(Illuminate\Http\Request))
#18 D:\freelance\login system\vendor\laravel\framework\src\Illuminate\Pipeline\Pipeline.php(209): App\Http\Middleware\RoleMiddleware-&gt;handle(Object(Illuminate\Http\Request), Object(Closure), 'client')
#19 D:\freelance\login system\vendor\laravel\framework\src\Illuminate\Routing\Middleware\SubstituteBindings.php(51): Illuminate\Pipeline\Pipeline-&gt;{closure:{closure:Illuminate\Pipeline\Pipeline::carry():184}:185}(Object(Illuminate\Http\Request))
#20 D:\freelance\login system\vendor\laravel\framework\src\Illuminate\Pipeline\Pipeline.php(209): Illuminate\Routing\Middleware\SubstituteBindings-&gt;handle(Object(Illuminate\Http\Request), Object(Closure))
#21 D:\freelance\login system\vendor\laravel\framework\src\Illuminate\Auth\Middleware\Authenticate.php(64): Illuminate\Pipeline\Pipeline-&gt;{closure:{closure:Illuminate\Pipeline\Pipeline::carry():184}:185}(Object(Illuminate\Http\Request))
#22 D:\freelance\login system\vendor\laravel\framework\src\Illuminate\Pipeline\Pipeline.php(209): Illuminate\Auth\Middleware\Authenticate-&gt;handle(Object(Illuminate\Http\Request), Object(Closure))
#23 D:\freelance\login system\vendor\laravel\framework\src\Illuminate\Foundation\Http\Middleware\VerifyCsrfToken.php(88): Illuminate\Pipeline\Pipeline-&gt;{closure:{closure:Illuminate\Pipeline\Pipeline::carry():184}:185}(Object(Illuminate\Http\Request))
#24 D:\freelance\login system\vendor\laravel\framework\src\Illuminate\Pipeline\Pipeline.php(209): Illuminate\Foundation\Http\Middleware\VerifyCsrfToken-&gt;handle(Object(Illuminate\Http\Request), Object(Closure))
#25 D:\freelance\login system\vendor\laravel\framework\src\Illuminate\View\Middleware\ShareErrorsFromSession.php(49): Illuminate\Pipeline\Pipeline-&gt;{closure:{closure:Illuminate\Pipeline\Pipeline::carry():184}:185}(Object(Illuminate\Http\Request))
#26 D:\freelance\login system\vendor\laravel\framework\src\Illuminate\Pipeline\Pipeline.php(209): Illuminate\View\Middleware\ShareErrorsFromSession-&gt;handle(Object(Illuminate\Http\Request), Object(Closure))
#27 D:\freelance\login system\vendor\laravel\framework\src\Illuminate\Session\Middleware\StartSession.php(121): Illuminate\Pipeline\Pipeline-&gt;{closure:{closure:Illuminate\Pipeline\Pipeline::carry():184}:185}(Object(Illuminate\Http\Request))
#28 D:\freelance\login system\vendor\laravel\framework\src\Illuminate\Session\Middleware\StartSession.php(64): Illuminate\Session\Middleware\StartSession-&gt;handleStatefulRequest(Object(Illuminate\Http\Request), Object(Illuminate\Session\Store), Object(Closure))
#29 D:\freelance\login system\vendor\laravel\framework\src\Illuminate\Pipeline\Pipeline.php(209): Illuminate\Session\Middleware\StartSession-&gt;handle(Object(Illuminate\Http\Request), Object(Closure))
#30 D:\freelance\login system\vendor\laravel\framework\src\Illuminate\Cookie\Middleware\AddQueuedCookiesToResponse.php(37): Illuminate\Pipeline\Pipeline-&gt;{closure:{closure:Illuminate\Pipeline\Pipeline::carry():184}:185}(Object(Illuminate\Http\Request))
#31 D:\freelance\login system\vendor\laravel\framework\src\Illuminate\Pipeline\Pipeline.php(209): Illuminate\Cookie\Middleware\AddQueuedCookiesToResponse-&gt;handle(Object(Illuminate\Http\Request), Object(Closure))
#32 D:\freelance\login system\vendor\laravel\framework\src\Illuminate\Cookie\Middleware\EncryptCookies.php(75): Illuminate\Pipeline\Pipeline-&gt;{closure:{closure:Illuminate\Pipeline\Pipeline::carry():184}:185}(Object(Illuminate\Http\Request))
#33 D:\freelance\login system\vendor\laravel\framework\src\Illuminate\Pipeline\Pipeline.php(209): Illuminate\Cookie\Middleware\EncryptCookies-&gt;handle(Object(Illuminate\Http\Request), Object(Closure))
#34 D:\freelance\login system\vendor\laravel\framework\src\Illuminate\Pipeline\Pipeline.php(127): Illuminate\Pipeline\Pipeline-&gt;{closure:{closure:Illuminate\Pipeline\Pipeline::carry():184}:185}(Object(Illuminate\Http\Request))
#35 D:\freelance\login system\vendor\laravel\framework\src\Illuminate\Routing\Router.php(807): Illuminate\Pipeline\Pipeline-&gt;then(Object(Closure))
#36 D:\freelance\login system\vendor\laravel\framework\src\Illuminate\Routing\Router.php(786): Illuminate\Routing\Router-&gt;runRouteWithinStack(Object(Illuminate\Routing\Route), Object(Illuminate\Http\Request))
#37 D:\freelance\login system\vendor\laravel\framework\src\Illuminate\Routing\Router.php(750): Illuminate\Routing\Router-&gt;runRoute(Object(Illuminate\Http\Request), Object(Illuminate\Routing\Route))
#38 D:\freelance\login system\vendor\laravel\framework\src\Illuminate\Routing\Router.php(739): Illuminate\Routing\Router-&gt;dispatchToRoute(Object(Illuminate\Http\Request))
#39 D:\freelance\login system\vendor\laravel\framework\src\Illuminate\Foundation\Http\Kernel.php(201): Illuminate\Routing\Router-&gt;dispatch(Object(Illuminate\Http\Request))
#40 D:\freelance\login system\vendor\laravel\framework\src\Illuminate\Pipeline\Pipeline.php(170): Illuminate\Foundation\Http\Kernel-&gt;{closure:Illuminate\Foundation\Http\Kernel::dispatchToRouter():198}(Object(Illuminate\Http\Request))
#41 D:\freelance\login system\vendor\laravel\framework\src\Illuminate\Foundation\Http\Middleware\TransformsRequest.php(21): Illuminate\Pipeline\Pipeline-&gt;{closure:Illuminate\Pipeline\Pipeline::prepareDestination():168}(Object(Illuminate\Http\Request))
#42 D:\freelance\login system\vendor\laravel\framework\src\Illuminate\Foundation\Http\Middleware\ConvertEmptyStringsToNull.php(31): Illuminate\Foundation\Http\Middleware\TransformsRequest-&gt;handle(Object(Illuminate\Http\Request), Object(Closure))
#43 D:\freelance\login system\vendor\laravel\framework\src\Illuminate\Pipeline\Pipeline.php(209): Illuminate\Foundation\Http\Middleware\ConvertEmptyStringsToNull-&gt;handle(Object(Illuminate\Http\Request), Object(Closure))
#44 D:\freelance\login system\vendor\laravel\framework\src\Illuminate\Foundation\Http\Middleware\TransformsRequest.php(21): Illuminate\Pipeline\Pipeline-&gt;{closure:{closure:Illuminate\Pipeline\Pipeline::carry():184}:185}(Object(Illuminate\Http\Request))
#45 D:\freelance\login system\vendor\laravel\framework\src\Illuminate\Foundation\Http\Middleware\TrimStrings.php(51): Illuminate\Foundation\Http\Middleware\TransformsRequest-&gt;handle(Object(Illuminate\Http\Request), Object(Closure))
#46 D:\freelance\login system\vendor\laravel\framework\src\Illuminate\Pipeline\Pipeline.php(209): Illuminate\Foundation\Http\Middleware\TrimStrings-&gt;handle(Object(Illuminate\Http\Request), Object(Closure))
#47 D:\freelance\login system\vendor\laravel\framework\src\Illuminate\Http\Middleware\ValidatePostSize.php(27): Illuminate\Pipeline\Pipeline-&gt;{closure:{closure:Illuminate\Pipeline\Pipeline::carry():184}:185}(Object(Illuminate\Http\Request))
#48 D:\freelance\login system\vendor\laravel\framework\src\Illuminate\Pipeline\Pipeline.php(209): Illuminate\Http\Middleware\ValidatePostSize-&gt;handle(Object(Illuminate\Http\Request), Object(Closure))
#49 D:\freelance\login system\vendor\laravel\framework\src\Illuminate\Foundation\Http\Middleware\PreventRequestsDuringMaintenance.php(110): Illuminate\Pipeline\Pipeline-&gt;{closure:{closure:Illuminate\Pipeline\Pipeline::carry():184}:185}(Object(Illuminate\Http\Request))
#50 D:\freelance\login system\vendor\laravel\framework\src\Illuminate\Pipeline\Pipeline.php(209): Illuminate\Foundation\Http\Middleware\PreventRequestsDuringMaintenance-&gt;handle(Object(Illuminate\Http\Request), Object(Closure))
#51 D:\freelance\login system\vendor\laravel\framework\src\Illuminate\Http\Middleware\HandleCors.php(49): Illuminate\Pipeline\Pipeline-&gt;{closure:{closure:Illuminate\Pipeline\Pipeline::carry():184}:185}(Object(Illuminate\Http\Request))
#52 D:\freelance\login system\vendor\laravel\framework\src\Illuminate\Pipeline\Pipeline.php(209): Illuminate\Http\Middleware\HandleCors-&gt;handle(Object(Illuminate\Http\Request), Object(Closure))
#53 D:\freelance\login system\vendor\laravel\framework\src\Illuminate\Http\Middleware\TrustProxies.php(58): Illuminate\Pipeline\Pipeline-&gt;{closure:{closure:Illuminate\Pipeline\Pipeline::carry():184}:185}(Object(Illuminate\Http\Request))
#54 D:\freelance\login system\vendor\laravel\framework\src\Illuminate\Pipeline\Pipeline.php(209): Illuminate\Http\Middleware\TrustProxies-&gt;handle(Object(Illuminate\Http\Request), Object(Closure))
#55 D:\freelance\login system\vendor\laravel\framework\src\Illuminate\Foundation\Http\Middleware\InvokeDeferredCallbacks.php(22): Illuminate\Pipeline\Pipeline-&gt;{closure:{closure:Illuminate\Pipeline\Pipeline::carry():184}:185}(Object(Illuminate\Http\Request))
#56 D:\freelance\login system\vendor\laravel\framework\src\Illuminate\Pipeline\Pipeline.php(209): Illuminate\Foundation\Http\Middleware\InvokeDeferredCallbacks-&gt;handle(Object(Illuminate\Http\Request), Object(Closure))
#57 D:\freelance\login system\vendor\laravel\framework\src\Illuminate\Pipeline\Pipeline.php(127): Illuminate\Pipeline\Pipeline-&gt;{closure:{closure:Illuminate\Pipeline\Pipeline::carry():184}:185}(Object(Illuminate\Http\Request))
#58 D:\freelance\login system\vendor\laravel\framework\src\Illuminate\Foundation\Http\Kernel.php(176): Illuminate\Pipeline\Pipeline-&gt;then(Object(Closure))
#59 D:\freelance\login system\vendor\laravel\framework\src\Illuminate\Foundation\Http\Kernel.php(145): Illuminate\Foundation\Http\Kernel-&gt;sendRequestThroughRouter(Object(Illuminate\Http\Request))
#60 D:\freelance\login system\vendor\laravel\framework\src\Illuminate\Foundation\Testing\Concerns\MakesHttpRequests.php(607): Illuminate\Foundation\Http\Kernel-&gt;handle(Object(Illuminate\Http\Request))
#61 D:\freelance\login system\vendor\laravel\framework\src\Illuminate\Foundation\Testing\Concerns\MakesHttpRequests.php(368): Illuminate\Foundation\Testing\TestCase-&gt;call('GET', 'http://localhos...', Array, Array, Array, Array)
#62 D:\freelance\login system\tests\Feature\Auth\RoleMiddlewareTest.php(35): Illuminate\Foundation\Testing\TestCase-&gt;get('http://localhos...')
#63 D:\freelance\login system\vendor\phpunit\phpunit\src\Framework\TestCase.php(1548): Tests\Feature\Auth\RoleMiddlewareTest-&gt;test_super_admin_can_access_all_dashboards()
#64 D:\freelance\login system\vendor\phpunit\phpunit\src\Framework\TestCase.php(686): PHPUnit\Framework\TestCase-&gt;runTest()
#65 D:\freelance\login system\vendor\phpunit\phpunit\src\Framework\TestRunner.php(106): PHPUnit\Framework\TestCase-&gt;runBare()
#66 D:\freelance\login system\vendor\phpunit\phpunit\src\Framework\TestCase.php(516): PHPUnit\Framework\TestRunner-&gt;run(Object(Tests\Feature\Auth\RoleMiddlewareTest))
#67 D:\freelance\login system\vendor\phpunit\phpunit\src\Framework\TestSuite.php(374): PHPUnit\Framework\TestCase-&gt;run()
#68 D:\freelance\login system\vendor\phpunit\phpunit\src\TextUI\TestRunner.php(64): PHPUnit\Framework\TestSuite-&gt;run()
#69 D:\freelance\login system\vendor\phpunit\phpunit\src\TextUI\Application.php(204): PHPUnit\TextUI\TestRunner-&gt;run(Object(PHPUnit\TextUI\Configuration\Configuration), Object(PHPUnit\Runner\ResultCache\DefaultResultCache), Object(PHPUnit\Framework\TestSuite))
#70 D:\freelance\login system\vendor\phpunit\phpunit\phpunit(104): PHPUnit\TextUI\Application-&gt;run(Array)
#71 {main}

Next Spatie\LaravelIgnition\Exceptions\ViewException: Attempt to read property "company_name" on null in D:\freelance\login system\resources\views\client\dashboard.blade.php:7
Stack trace:
#0 D:\freelance\login system\vendor\laravel\framework\src\Illuminate\Filesystem\Filesystem.php(123): require('D:\\freelance\\lo...')
#1 D:\freelance\login system\vendor\laravel\framework\src\Illuminate\Filesystem\Filesystem.php(124): Illuminate\Filesystem\Filesystem::{closure:Illuminate\Filesystem\Filesystem::getRequire():120}()
#2 D:\freelance\login system\vendor\laravel\framework\src\Illuminate\View\Engines\PhpEngine.php(58): Illuminate\Filesystem\Filesystem-&gt;getRequire('D:\\freelance\\lo...', Array)
#3 D:\freelance\login system\vendor\laravel\framework\src\Illuminate\View\Engines\CompilerEngine.php(75): Illuminate\View\Engines\PhpEngine-&gt;evaluatePath('D:\\freelance\\lo...', Array)
#4 D:\freelance\login system\vendor\laravel\framework\src\Illuminate\View\View.php(209): Illuminate\View\Engines\CompilerEngine-&gt;get('D:\\freelance\\lo...', Array)
#5 D:\freelance\login system\vendor\laravel\framework\src\Illuminate\View\View.php(192): Illuminate\View\View-&gt;getContents()
#6 D:\freelance\login system\vendor\laravel\framework\src\Illuminate\View\View.php(161): Illuminate\View\View-&gt;renderContents()
#7 D:\freelance\login system\vendor\laravel\framework\src\Illuminate\Http\Response.php(79): Illuminate\View\View-&gt;render()
#8 D:\freelance\login system\vendor\laravel\framework\src\Illuminate\Http\Response.php(35): Illuminate\Http\Response-&gt;setContent(Object(Illuminate\View\View))
#9 D:\freelance\login system\vendor\laravel\framework\src\Illuminate\Routing\Router.php(920): Illuminate\Http\Response-&gt;__construct(Object(Illuminate\View\View), 200, Array)
#10 D:\freelance\login system\vendor\laravel\framework\src\Illuminate\Routing\Router.php(887): Illuminate\Routing\Router::toResponse(Object(Illuminate\Http\Request), Object(Illuminate\View\View))
#11 D:\freelance\login system\vendor\laravel\framework\src\Illuminate\Routing\Router.php(807): Illuminate\Routing\Router-&gt;prepareResponse(Object(Illuminate\Http\Request), Object(Illuminate\View\View))
#12 D:\freelance\login system\vendor\laravel\framework\src\Illuminate\Pipeline\Pipeline.php(170): Illuminate\Routing\Router-&gt;{closure:Illuminate\Routing\Router::runRouteWithinStack():807}(Object(Illuminate\Http\Request))
#13 D:\freelance\login system\app\Http\Middleware\CheckSubscription.php(27): Illuminate\Pipeline\Pipeline-&gt;{closure:Illuminate\Pipeline\Pipeline::prepareDestination():168}(Object(Illuminate\Http\Request))
#14 D:\freelance\login system\vendor\laravel\framework\src\Illuminate\Pipeline\Pipeline.php(209): App\Http\Middleware\CheckSubscription-&gt;handle(Object(Illuminate\Http\Request), Object(Closure))
#15 D:\freelance\login system\app\Http\Middleware\RoleMiddleware.php(28): Illuminate\Pipeline\Pipeline-&gt;{closure:{closure:Illuminate\Pipeline\Pipeline::carry():184}:185}(Object(Illuminate\Http\Request))
#16 D:\freelance\login system\vendor\laravel\framework\src\Illuminate\Pipeline\Pipeline.php(209): App\Http\Middleware\RoleMiddleware-&gt;handle(Object(Illuminate\Http\Request), Object(Closure), 'client')
#17 D:\freelance\login system\vendor\laravel\framework\src\Illuminate\Routing\Middleware\SubstituteBindings.php(51): Illuminate\Pipeline\Pipeline-&gt;{closure:{closure:Illuminate\Pipeline\Pipeline::carry():184}:185}(Object(Illuminate\Http\Request))
#18 D:\freelance\login system\vendor\laravel\framework\src\Illuminate\Pipeline\Pipeline.php(209): Illuminate\Routing\Middleware\SubstituteBindings-&gt;handle(Object(Illuminate\Http\Request), Object(Closure))
#19 D:\freelance\login system\vendor\laravel\framework\src\Illuminate\Auth\Middleware\Authenticate.php(64): Illuminate\Pipeline\Pipeline-&gt;{closure:{closure:Illuminate\Pipeline\Pipeline::carry():184}:185}(Object(Illuminate\Http\Request))
#20 D:\freelance\login system\vendor\laravel\framework\src\Illuminate\Pipeline\Pipeline.php(209): Illuminate\Auth\Middleware\Authenticate-&gt;handle(Object(Illuminate\Http\Request), Object(Closure))
#21 D:\freelance\login system\vendor\laravel\framework\src\Illuminate\Foundation\Http\Middleware\VerifyCsrfToken.php(88): Illuminate\Pipeline\Pipeline-&gt;{closure:{closure:Illuminate\Pipeline\Pipeline::carry():184}:185}(Object(Illuminate\Http\Request))
#22 D:\freelance\login system\vendor\laravel\framework\src\Illuminate\Pipeline\Pipeline.php(209): Illuminate\Foundation\Http\Middleware\VerifyCsrfToken-&gt;handle(Object(Illuminate\Http\Request), Object(Closure))
#23 D:\freelance\login system\vendor\laravel\framework\src\Illuminate\View\Middleware\ShareErrorsFromSession.php(49): Illuminate\Pipeline\Pipeline-&gt;{closure:{closure:Illuminate\Pipeline\Pipeline::carry():184}:185}(Object(Illuminate\Http\Request))
#24 D:\freelance\login system\vendor\laravel\framework\src\Illuminate\Pipeline\Pipeline.php(209): Illuminate\View\Middleware\ShareErrorsFromSession-&gt;handle(Object(Illuminate\Http\Request), Object(Closure))
#25 D:\freelance\login system\vendor\laravel\framework\src\Illuminate\Session\Middleware\StartSession.php(121): Illuminate\Pipeline\Pipeline-&gt;{closure:{closure:Illuminate\Pipeline\Pipeline::carry():184}:185}(Object(Illuminate\Http\Request))
#26 D:\freelance\login system\vendor\laravel\framework\src\Illuminate\Session\Middleware\StartSession.php(64): Illuminate\Session\Middleware\StartSession-&gt;handleStatefulRequest(Object(Illuminate\Http\Request), Object(Illuminate\Session\Store), Object(Closure))
#27 D:\freelance\login system\vendor\laravel\framework\src\Illuminate\Pipeline\Pipeline.php(209): Illuminate\Session\Middleware\StartSession-&gt;handle(Object(Illuminate\Http\Request), Object(Closure))
#28 D:\freelance\login system\vendor\laravel\framework\src\Illuminate\Cookie\Middleware\AddQueuedCookiesToResponse.php(37): Illuminate\Pipeline\Pipeline-&gt;{closure:{closure:Illuminate\Pipeline\Pipeline::carry():184}:185}(Object(Illuminate\Http\Request))
#29 D:\freelance\login system\vendor\laravel\framework\src\Illuminate\Pipeline\Pipeline.php(209): Illuminate\Cookie\Middleware\AddQueuedCookiesToResponse-&gt;handle(Object(Illuminate\Http\Request), Object(Closure))
#30 D:\freelance\login system\vendor\laravel\framework\src\Illuminate\Cookie\Middleware\EncryptCookies.php(75): Illuminate\Pipeline\Pipeline-&gt;{closure:{closure:Illuminate\Pipeline\Pipeline::carry():184}:185}(Object(Illuminate\Http\Request))
#31 D:\freelance\login system\vendor\laravel\framework\src\Illuminate\Pipeline\Pipeline.php(209): Illuminate\Cookie\Middleware\EncryptCookies-&gt;handle(Object(Illuminate\Http\Request), Object(Closure))
#32 D:\freelance\login system\vendor\laravel\framework\src\Illuminate\Pipeline\Pipeline.php(127): Illuminate\Pipeline\Pipeline-&gt;{closure:{closure:Illuminate\Pipeline\Pipeline::carry():184}:185}(Object(Illuminate\Http\Request))
#33 D:\freelance\login system\vendor\laravel\framework\src\Illuminate\Routing\Router.php(807): Illuminate\Pipeline\Pipeline-&gt;then(Object(Closure))
#34 D:\freelance\login system\vendor\laravel\framework\src\Illuminate\Routing\Router.php(786): Illuminate\Routing\Router-&gt;runRouteWithinStack(Object(Illuminate\Routing\Route), Object(Illuminate\Http\Request))
#35 D:\freelance\login system\vendor\laravel\framework\src\Illuminate\Routing\Router.php(750): Illuminate\Routing\Router-&gt;runRoute(Object(Illuminate\Http\Request), Object(Illuminate\Routing\Route))
#36 D:\freelance\login system\vendor\laravel\framework\src\Illuminate\Routing\Router.php(739): Illuminate\Routing\Router-&gt;dispatchToRoute(Object(Illuminate\Http\Request))
#37 D:\freelance\login system\vendor\laravel\framework\src\Illuminate\Foundation\Http\Kernel.php(201): Illuminate\Routing\Router-&gt;dispatch(Object(Illuminate\Http\Request))
#38 D:\freelance\login system\vendor\laravel\framework\src\Illuminate\Pipeline\Pipeline.php(170): Illuminate\Foundation\Http\Kernel-&gt;{closure:Illuminate\Foundation\Http\Kernel::dispatchToRouter():198}(Object(Illuminate\Http\Request))
#39 D:\freelance\login system\vendor\laravel\framework\src\Illuminate\Foundation\Http\Middleware\TransformsRequest.php(21): Illuminate\Pipeline\Pipeline-&gt;{closure:Illuminate\Pipeline\Pipeline::prepareDestination():168}(Object(Illuminate\Http\Request))
#40 D:\freelance\login system\vendor\laravel\framework\src\Illuminate\Foundation\Http\Middleware\ConvertEmptyStringsToNull.php(31): Illuminate\Foundation\Http\Middleware\TransformsRequest-&gt;handle(Object(Illuminate\Http\Request), Object(Closure))
#41 D:\freelance\login system\vendor\laravel\framework\src\Illuminate\Pipeline\Pipeline.php(209): Illuminate\Foundation\Http\Middleware\ConvertEmptyStringsToNull-&gt;handle(Object(Illuminate\Http\Request), Object(Closure))
#42 D:\freelance\login system\vendor\laravel\framework\src\Illuminate\Foundation\Http\Middleware\TransformsRequest.php(21): Illuminate\Pipeline\Pipeline-&gt;{closure:{closure:Illuminate\Pipeline\Pipeline::carry():184}:185}(Object(Illuminate\Http\Request))
#43 D:\freelance\login system\vendor\laravel\framework\src\Illuminate\Foundation\Http\Middleware\TrimStrings.php(51): Illuminate\Foundation\Http\Middleware\TransformsRequest-&gt;handle(Object(Illuminate\Http\Request), Object(Closure))
#44 D:\freelance\login system\vendor\laravel\framework\src\Illuminate\Pipeline\Pipeline.php(209): Illuminate\Foundation\Http\Middleware\TrimStrings-&gt;handle(Object(Illuminate\Http\Request), Object(Closure))
#45 D:\freelance\login system\vendor\laravel\framework\src\Illuminate\Http\Middleware\ValidatePostSize.php(27): Illuminate\Pipeline\Pipeline-&gt;{closure:{closure:Illuminate\Pipeline\Pipeline::carry():184}:185}(Object(Illuminate\Http\Request))
#46 D:\freelance\login system\vendor\laravel\framework\src\Illuminate\Pipeline\Pipeline.php(209): Illuminate\Http\Middleware\ValidatePostSize-&gt;handle(Object(Illuminate\Http\Request), Object(Closure))
#47 D:\freelance\login system\vendor\laravel\framework\src\Illuminate\Foundation\Http\Middleware\PreventRequestsDuringMaintenance.php(110): Illuminate\Pipeline\Pipeline-&gt;{closure:{closure:Illuminate\Pipeline\Pipeline::carry():184}:185}(Object(Illuminate\Http\Request))
#48 D:\freelance\login system\vendor\laravel\framework\src\Illuminate\Pipeline\Pipeline.php(209): Illuminate\Foundation\Http\Middleware\PreventRequestsDuringMaintenance-&gt;handle(Object(Illuminate\Http\Request), Object(Closure))
#49 D:\freelance\login system\vendor\laravel\framework\src\Illuminate\Http\Middleware\HandleCors.php(49): Illuminate\Pipeline\Pipeline-&gt;{closure:{closure:Illuminate\Pipeline\Pipeline::carry():184}:185}(Object(Illuminate\Http\Request))
#50 D:\freelance\login system\vendor\laravel\framework\src\Illuminate\Pipeline\Pipeline.php(209): Illuminate\Http\Middleware\HandleCors-&gt;handle(Object(Illuminate\Http\Request), Object(Closure))
#51 D:\freelance\login system\vendor\laravel\framework\src\Illuminate\Http\Middleware\TrustProxies.php(58): Illuminate\Pipeline\Pipeline-&gt;{closure:{closure:Illuminate\Pipeline\Pipeline::carry():184}:185}(Object(Illuminate\Http\Request))
#52 D:\freelance\login system\vendor\laravel\framework\src\Illuminate\Pipeline\Pipeline.php(209): Illuminate\Http\Middleware\TrustProxies-&gt;handle(Object(Illuminate\Http\Request), Object(Closure))
#53 D:\freelance\login system\vendor\laravel\framework\src\Illuminate\Foundation\Http\Middleware\InvokeDeferredCallbacks.php(22): Illuminate\Pipeline\Pipeline-&gt;{closure:{closure:Illuminate\Pipeline\Pipeline::carry():184}:185}(Object(Illuminate\Http\Request))
#54 D:\freelance\login system\vendor\laravel\framework\src\Illuminate\Pipeline\Pipeline.php(209): Illuminate\Foundation\Http\Middleware\InvokeDeferredCallbacks-&gt;handle(Object(Illuminate\Http\Request), Object(Closure))
#55 D:\freelance\login system\vendor\laravel\framework\src\Illuminate\Pipeline\Pipeline.php(127): Illuminate\Pipeline\Pipeline-&gt;{closure:{closure:Illuminate\Pipeline\Pipeline::carry():184}:185}(Object(Illuminate\Http\Request))
#56 D:\freelance\login system\vendor\laravel\framework\src\Illuminate\Foundation\Http\Kernel.php(176): Illuminate\Pipeline\Pipeline-&gt;then(Object(Closure))
#57 D:\freelance\login system\vendor\laravel\framework\src\Illuminate\Foundation\Http\Kernel.php(145): Illuminate\Foundation\Http\Kernel-&gt;sendRequestThroughRouter(Object(Illuminate\Http\Request))
#58 D:\freelance\login system\vendor\laravel\framework\src\Illuminate\Foundation\Testing\Concerns\MakesHttpRequests.php(607): Illuminate\Foundation\Http\Kernel-&gt;handle(Object(Illuminate\Http\Request))
#59 D:\freelance\login system\vendor\laravel\framework\src\Illuminate\Foundation\Testing\Concerns\MakesHttpRequests.php(368): Illuminate\Foundation\Testing\TestCase-&gt;call('GET', 'http://localhos...', Array, Array, Array, Array)
#60 D:\freelance\login system\tests\Feature\Auth\RoleMiddlewareTest.php(35): Illuminate\Foundation\Testing\TestCase-&gt;get('http://localhos...')
#61 D:\freelance\login system\vendor\phpunit\phpunit\src\Framework\TestCase.php(1548): Tests\Feature\Auth\RoleMiddlewareTest-&gt;test_super_admin_can_access_all_dashboards()
#62 D:\freelance\login system\vendor\phpunit\phpunit\src\Framework\TestCase.php(686): PHPUnit\Framework\TestCase-&gt;runTest()
#63 D:\freelance\login system\vendor\phpunit\phpunit\src\Framework\TestRunner.php(106): PHPUnit\Framework\TestCase-&gt;runBare()
#64 D:\freelance\login system\vendor\phpunit\phpunit\src\Framework\TestCase.php(516): PHPUnit\Framework\TestRunner-&gt;run(Object(Tests\Feature\Auth\RoleMiddlewareTest))
#65 D:\freelance\login system\vendor\phpunit\phpunit\src\Framework\TestSuite.php(374): PHPUnit\Framework\TestCase-&gt;run()
#66 D:\freelance\login system\vendor\phpunit\phpunit\src\TextUI\TestRunner.php(64): PHPUnit\Framework\TestSuite-&gt;run()
#67 D:\freelance\login system\vendor\phpunit\phpunit\src\TextUI\Application.php(204): PHPUnit\TextUI\TestRunner-&gt;run(Object(PHPUnit\TextUI\Configuration\Configuration), Object(PHPUnit\Runner\ResultCache\DefaultResultCache), Object(PHPUnit\Framework\TestSuite))
#68 D:\freelance\login system\vendor\phpunit\phpunit\phpunit(104): PHPUnit\TextUI\Application-&gt;run(Array)
#69 {main}

----------------------------------------------------------------------------------

Attempt to read property "company_name" on null
&#13;
D:\freelance\login system\vendor\laravel\framework\src\Illuminate\Testing\TestResponseAssert.php:45
D:\freelance\login system\vendor\laravel\framework\src\Illuminate\Testing\TestResponse.php:160
D:\freelance\login system\tests\Feature\Auth\RoleMiddlewareTest.php:35</failure>
    </testcase>
  </testsuite>
</testsuites>
